// Jest Snapshot v1, https://goo.gl/fbAQLP

exports[`constructs a board with values 1`] = `
Board {
  "values": Array [
    Array [
      Cell {
        "_value": 1,
        "isValid": true,
      },
      Cell {
        "_value": 2,
        "isValid": true,
      },
      Cell {
        "_value": 3,
        "isValid": true,
      },
      Cell {
        "_value": 4,
        "isValid": true,
      },
      Cell {
        "_value": 5,
        "isValid": true,
      },
      Cell {
        "_value": 6,
        "isValid": true,
      },
      Cell {
        "_value": 7,
        "isValid": true,
      },
      Cell {
        "_value": 8,
        "isValid": true,
      },
      Cell {
        "_value": 9,
        "isValid": true,
      },
    ],
    Array [
      Cell {
        "isValid": true,
        "notes": Set {
          2,
          3,
          5,
          6,
          7,
          8,
          9,
        },
      },
      Cell {
        "isValid": true,
        "notes": Set {
          3,
          6,
          7,
          8,
          9,
        },
      },
      Cell {
        "isValid": true,
        "notes": Set {
          6,
          7,
          8,
          9,
        },
      },
      Cell {
        "isValid": true,
        "notes": Set {
          1,
          6,
          7,
          8,
          9,
        },
      },
      Cell {
        "isValid": true,
        "notes": Set {
          1,
          2,
          4,
          6,
          7,
          8,
          9,
        },
      },
      Cell {
        "isValid": true,
        "notes": Set {
          1,
          2,
          3,
          4,
          5,
          6,
          7,
          8,
          9,
        },
      },
      Cell {
        "isValid": true,
        "notes": Set {
          1,
          2,
          3,
          4,
          5,
          6,
          7,
          8,
          9,
        },
      },
      Cell {
        "isValid": true,
        "notes": Set {
          1,
          2,
          3,
          4,
          5,
          6,
          7,
          8,
          9,
        },
      },
      Cell {
        "isValid": true,
        "notes": Set {
          1,
          2,
          3,
          4,
          5,
          6,
          7,
          8,
          9,
        },
      },
    ],
    Array [
      Cell {
        "isValid": true,
        "notes": Set {
          2,
          3,
          5,
          6,
          7,
          8,
          9,
        },
      },
      Cell {
        "isValid": true,
        "notes": Set {
          3,
          6,
          7,
          8,
          9,
        },
      },
      Cell {
        "isValid": true,
        "notes": Set {
          6,
          7,
          8,
          9,
        },
      },
      Cell {
        "isValid": true,
        "notes": Set {
          1,
          6,
          7,
          8,
          9,
        },
      },
      Cell {
        "isValid": true,
        "notes": Set {
          1,
          2,
          4,
          6,
          7,
          8,
          9,
        },
      },
      Cell {
        "isValid": true,
        "notes": Set {
          1,
          2,
          3,
          4,
          5,
          6,
          7,
          8,
          9,
        },
      },
      Cell {
        "isValid": true,
        "notes": Set {
          1,
          2,
          3,
          4,
          5,
          6,
          7,
          8,
          9,
        },
      },
      Cell {
        "isValid": true,
        "notes": Set {
          1,
          2,
          3,
          4,
          5,
          6,
          7,
          8,
          9,
        },
      },
      Cell {
        "isValid": true,
        "notes": Set {
          1,
          2,
          3,
          4,
          5,
          6,
          7,
          8,
          9,
        },
      },
    ],
    Array [
      Cell {
        "isValid": true,
        "notes": Set {
          2,
          3,
          4,
          5,
          6,
          7,
          8,
          9,
        },
      },
      Cell {
        "isValid": true,
        "notes": Set {
          1,
          3,
          4,
          5,
          6,
          7,
          8,
          9,
        },
      },
      Cell {
        "isValid": true,
        "notes": Set {
          1,
          2,
          4,
          5,
          6,
          7,
          8,
          9,
        },
      },
      Cell {
        "isValid": true,
        "notes": Set {
          1,
          2,
          3,
          5,
          6,
          7,
          8,
          9,
        },
      },
      Cell {
        "isValid": true,
        "notes": Set {
          1,
          2,
          3,
          4,
          6,
          7,
          8,
          9,
        },
      },
      Cell {
        "isValid": true,
        "notes": Set {
          1,
          2,
          3,
          4,
          5,
          6,
          7,
          8,
          9,
        },
      },
      Cell {
        "isValid": true,
        "notes": Set {
          1,
          2,
          3,
          4,
          5,
          6,
          7,
          8,
          9,
        },
      },
      Cell {
        "isValid": true,
        "notes": Set {
          1,
          2,
          3,
          4,
          5,
          6,
          7,
          8,
          9,
        },
      },
      Cell {
        "isValid": true,
        "notes": Set {
          1,
          2,
          3,
          4,
          5,
          6,
          7,
          8,
          9,
        },
      },
    ],
    Array [
      Cell {
        "isValid": true,
        "notes": Set {
          2,
          3,
          4,
          5,
          6,
          7,
          8,
          9,
        },
      },
      Cell {
        "isValid": true,
        "notes": Set {
          1,
          3,
          4,
          5,
          6,
          7,
          8,
          9,
        },
      },
      Cell {
        "isValid": true,
        "notes": Set {
          1,
          2,
          4,
          5,
          6,
          7,
          8,
          9,
        },
      },
      Cell {
        "isValid": true,
        "notes": Set {
          1,
          2,
          3,
          5,
          6,
          7,
          8,
          9,
        },
      },
      Cell {
        "isValid": true,
        "notes": Set {
          1,
          2,
          3,
          4,
          6,
          7,
          8,
          9,
        },
      },
      Cell {
        "isValid": true,
        "notes": Set {
          1,
          2,
          3,
          4,
          5,
          6,
          7,
          8,
          9,
        },
      },
      Cell {
        "isValid": true,
        "notes": Set {
          1,
          2,
          3,
          4,
          5,
          6,
          7,
          8,
          9,
        },
      },
      Cell {
        "isValid": true,
        "notes": Set {
          1,
          2,
          3,
          4,
          5,
          6,
          7,
          8,
          9,
        },
      },
      Cell {
        "isValid": true,
        "notes": Set {
          1,
          2,
          3,
          4,
          5,
          6,
          7,
          8,
          9,
        },
      },
    ],
    Array [
      Cell {
        "isValid": true,
        "notes": Set {
          2,
          3,
          4,
          5,
          6,
          7,
          8,
          9,
        },
      },
      Cell {
        "isValid": true,
        "notes": Set {
          1,
          3,
          4,
          5,
          6,
          7,
          8,
          9,
        },
      },
      Cell {
        "isValid": true,
        "notes": Set {
          1,
          2,
          4,
          5,
          6,
          7,
          8,
          9,
        },
      },
      Cell {
        "isValid": true,
        "notes": Set {
          1,
          2,
          3,
          5,
          6,
          7,
          8,
          9,
        },
      },
      Cell {
        "isValid": true,
        "notes": Set {
          1,
          2,
          3,
          4,
          6,
          7,
          8,
          9,
        },
      },
      Cell {
        "isValid": true,
        "notes": Set {
          1,
          2,
          3,
          4,
          5,
          6,
          7,
          8,
          9,
        },
      },
      Cell {
        "isValid": true,
        "notes": Set {
          1,
          2,
          3,
          4,
          5,
          6,
          7,
          8,
          9,
        },
      },
      Cell {
        "isValid": true,
        "notes": Set {
          1,
          2,
          3,
          4,
          5,
          6,
          7,
          8,
          9,
        },
      },
      Cell {
        "isValid": true,
        "notes": Set {
          1,
          2,
          3,
          4,
          5,
          6,
          7,
          8,
          9,
        },
      },
    ],
    Array [
      Cell {
        "isValid": true,
        "notes": Set {
          2,
          3,
          4,
          5,
          6,
          7,
          8,
          9,
        },
      },
      Cell {
        "isValid": true,
        "notes": Set {
          1,
          3,
          4,
          5,
          6,
          7,
          8,
          9,
        },
      },
      Cell {
        "isValid": true,
        "notes": Set {
          1,
          2,
          4,
          5,
          6,
          7,
          8,
          9,
        },
      },
      Cell {
        "isValid": true,
        "notes": Set {
          1,
          2,
          3,
          5,
          6,
          7,
          8,
          9,
        },
      },
      Cell {
        "isValid": true,
        "notes": Set {
          1,
          2,
          3,
          4,
          6,
          7,
          8,
          9,
        },
      },
      Cell {
        "isValid": true,
        "notes": Set {
          1,
          2,
          3,
          4,
          5,
          6,
          7,
          8,
          9,
        },
      },
      Cell {
        "isValid": true,
        "notes": Set {
          1,
          2,
          3,
          4,
          5,
          6,
          7,
          8,
          9,
        },
      },
      Cell {
        "isValid": true,
        "notes": Set {
          1,
          2,
          3,
          4,
          5,
          6,
          7,
          8,
          9,
        },
      },
      Cell {
        "isValid": true,
        "notes": Set {
          1,
          2,
          3,
          4,
          5,
          6,
          7,
          8,
          9,
        },
      },
    ],
    Array [
      Cell {
        "isValid": true,
        "notes": Set {
          2,
          3,
          4,
          5,
          6,
          7,
          8,
          9,
        },
      },
      Cell {
        "isValid": true,
        "notes": Set {
          1,
          3,
          4,
          5,
          6,
          7,
          8,
          9,
        },
      },
      Cell {
        "isValid": true,
        "notes": Set {
          1,
          2,
          4,
          5,
          6,
          7,
          8,
          9,
        },
      },
      Cell {
        "isValid": true,
        "notes": Set {
          1,
          2,
          3,
          5,
          6,
          7,
          8,
          9,
        },
      },
      Cell {
        "isValid": true,
        "notes": Set {
          1,
          2,
          3,
          4,
          6,
          7,
          8,
          9,
        },
      },
      Cell {
        "isValid": true,
        "notes": Set {
          1,
          2,
          3,
          4,
          5,
          6,
          7,
          8,
          9,
        },
      },
      Cell {
        "isValid": true,
        "notes": Set {
          1,
          2,
          3,
          4,
          5,
          6,
          7,
          8,
          9,
        },
      },
      Cell {
        "isValid": true,
        "notes": Set {
          1,
          2,
          3,
          4,
          5,
          6,
          7,
          8,
          9,
        },
      },
      Cell {
        "isValid": true,
        "notes": Set {
          1,
          2,
          3,
          4,
          5,
          6,
          7,
          8,
          9,
        },
      },
    ],
    Array [
      Cell {
        "isValid": true,
        "notes": Set {
          2,
          3,
          4,
          5,
          6,
          7,
          8,
          9,
        },
      },
      Cell {
        "isValid": true,
        "notes": Set {
          1,
          3,
          4,
          5,
          6,
          7,
          8,
          9,
        },
      },
      Cell {
        "isValid": true,
        "notes": Set {
          1,
          2,
          4,
          5,
          6,
          7,
          8,
          9,
        },
      },
      Cell {
        "isValid": true,
        "notes": Set {
          1,
          2,
          3,
          5,
          6,
          7,
          8,
          9,
        },
      },
      Cell {
        "isValid": true,
        "notes": Set {
          1,
          2,
          3,
          4,
          6,
          7,
          8,
          9,
        },
      },
      Cell {
        "isValid": true,
        "notes": Set {
          1,
          2,
          3,
          4,
          5,
          6,
          7,
          8,
          9,
        },
      },
      Cell {
        "isValid": true,
        "notes": Set {
          1,
          2,
          3,
          4,
          5,
          6,
          7,
          8,
          9,
        },
      },
      Cell {
        "isValid": true,
        "notes": Set {
          1,
          2,
          3,
          4,
          5,
          6,
          7,
          8,
          9,
        },
      },
      Cell {
        "isValid": true,
        "notes": Set {
          1,
          2,
          3,
          4,
          5,
          6,
          7,
          8,
          9,
        },
      },
    ],
  ],
}
`;

exports[`constructs a board with values 2`] = `
Board {
  "values": Array [
    Array [
      Cell {
        "_value": 1,
        "isValid": true,
      },
      Cell {
        "_value": 2,
        "isValid": true,
      },
      Cell {
        "_value": 3,
        "isValid": true,
      },
      Cell {
        "_value": 4,
        "isValid": true,
      },
      Cell {
        "_value": 5,
        "isValid": true,
      },
      Cell {
        "_value": 6,
        "isValid": true,
      },
      Cell {
        "_value": 7,
        "isValid": true,
      },
      Cell {
        "_value": 8,
        "isValid": true,
      },
      Cell {
        "_value": 9,
        "isValid": true,
      },
    ],
    Array [
      Cell {
        "_value": 4,
        "isValid": true,
      },
      Cell {
        "_value": 5,
        "isValid": true,
      },
      Cell {
        "_value": 6,
        "isValid": true,
      },
      Cell {
        "_value": 7,
        "isValid": true,
      },
      Cell {
        "_value": 8,
        "isValid": true,
      },
      Cell {
        "_value": 9,
        "isValid": true,
      },
      Cell {
        "_value": 1,
        "isValid": true,
      },
      Cell {
        "_value": 2,
        "isValid": true,
      },
      Cell {
        "_value": 3,
        "isValid": true,
      },
    ],
    Array [
      Cell {
        "_value": 7,
        "isValid": true,
      },
      Cell {
        "_value": 8,
        "isValid": true,
      },
      Cell {
        "_value": 9,
        "isValid": true,
      },
      Cell {
        "_value": 1,
        "isValid": true,
      },
      Cell {
        "_value": 2,
        "isValid": true,
      },
      Cell {
        "_value": 3,
        "isValid": true,
      },
      Cell {
        "_value": 4,
        "isValid": true,
      },
      Cell {
        "_value": 5,
        "isValid": true,
      },
      Cell {
        "_value": 6,
        "isValid": true,
      },
    ],
    Array [
      Cell {
        "isValid": true,
        "notes": Set {
          2,
          3,
          5,
          6,
          8,
          9,
        },
      },
      Cell {
        "isValid": true,
        "notes": Set {
          1,
          3,
          4,
          6,
          7,
          9,
        },
      },
      Cell {
        "isValid": true,
        "notes": Set {
          1,
          2,
          4,
          5,
          7,
          8,
        },
      },
      Cell {
        "isValid": true,
        "notes": Set {
          2,
          3,
          5,
          6,
          8,
          9,
        },
      },
      Cell {
        "isValid": true,
        "notes": Set {
          1,
          3,
          4,
          6,
          7,
          9,
        },
      },
      Cell {
        "isValid": true,
        "notes": Set {
          1,
          2,
          3,
          4,
          5,
          6,
          7,
          8,
          9,
        },
      },
      Cell {
        "isValid": true,
        "notes": Set {
          1,
          2,
          3,
          4,
          5,
          6,
          7,
          8,
          9,
        },
      },
      Cell {
        "isValid": true,
        "notes": Set {
          1,
          2,
          3,
          4,
          5,
          6,
          7,
          8,
          9,
        },
      },
      Cell {
        "isValid": true,
        "notes": Set {
          1,
          2,
          3,
          4,
          5,
          6,
          7,
          8,
          9,
        },
      },
    ],
    Array [
      Cell {
        "isValid": true,
        "notes": Set {
          2,
          3,
          5,
          6,
          8,
          9,
        },
      },
      Cell {
        "isValid": true,
        "notes": Set {
          1,
          3,
          4,
          6,
          7,
          9,
        },
      },
      Cell {
        "isValid": true,
        "notes": Set {
          1,
          2,
          4,
          5,
          7,
          8,
        },
      },
      Cell {
        "isValid": true,
        "notes": Set {
          2,
          3,
          5,
          6,
          8,
          9,
        },
      },
      Cell {
        "isValid": true,
        "notes": Set {
          1,
          3,
          4,
          6,
          7,
          9,
        },
      },
      Cell {
        "isValid": true,
        "notes": Set {
          1,
          2,
          3,
          4,
          5,
          6,
          7,
          8,
          9,
        },
      },
      Cell {
        "isValid": true,
        "notes": Set {
          1,
          2,
          3,
          4,
          5,
          6,
          7,
          8,
          9,
        },
      },
      Cell {
        "isValid": true,
        "notes": Set {
          1,
          2,
          3,
          4,
          5,
          6,
          7,
          8,
          9,
        },
      },
      Cell {
        "isValid": true,
        "notes": Set {
          1,
          2,
          3,
          4,
          5,
          6,
          7,
          8,
          9,
        },
      },
    ],
    Array [
      Cell {
        "isValid": true,
        "notes": Set {
          2,
          3,
          5,
          6,
          8,
          9,
        },
      },
      Cell {
        "isValid": true,
        "notes": Set {
          1,
          3,
          4,
          6,
          7,
          9,
        },
      },
      Cell {
        "isValid": true,
        "notes": Set {
          1,
          2,
          4,
          5,
          7,
          8,
        },
      },
      Cell {
        "isValid": true,
        "notes": Set {
          2,
          3,
          5,
          6,
          8,
          9,
        },
      },
      Cell {
        "isValid": true,
        "notes": Set {
          1,
          3,
          4,
          6,
          7,
          9,
        },
      },
      Cell {
        "isValid": true,
        "notes": Set {
          1,
          2,
          3,
          4,
          5,
          6,
          7,
          8,
          9,
        },
      },
      Cell {
        "isValid": true,
        "notes": Set {
          1,
          2,
          3,
          4,
          5,
          6,
          7,
          8,
          9,
        },
      },
      Cell {
        "isValid": true,
        "notes": Set {
          1,
          2,
          3,
          4,
          5,
          6,
          7,
          8,
          9,
        },
      },
      Cell {
        "isValid": true,
        "notes": Set {
          1,
          2,
          3,
          4,
          5,
          6,
          7,
          8,
          9,
        },
      },
    ],
    Array [
      Cell {
        "isValid": true,
        "notes": Set {
          2,
          3,
          5,
          6,
          8,
          9,
        },
      },
      Cell {
        "isValid": true,
        "notes": Set {
          1,
          3,
          4,
          6,
          7,
          9,
        },
      },
      Cell {
        "isValid": true,
        "notes": Set {
          1,
          2,
          4,
          5,
          7,
          8,
        },
      },
      Cell {
        "isValid": true,
        "notes": Set {
          2,
          3,
          5,
          6,
          8,
          9,
        },
      },
      Cell {
        "isValid": true,
        "notes": Set {
          1,
          3,
          4,
          6,
          7,
          9,
        },
      },
      Cell {
        "isValid": true,
        "notes": Set {
          1,
          2,
          3,
          4,
          5,
          6,
          7,
          8,
          9,
        },
      },
      Cell {
        "isValid": true,
        "notes": Set {
          1,
          2,
          3,
          4,
          5,
          6,
          7,
          8,
          9,
        },
      },
      Cell {
        "isValid": true,
        "notes": Set {
          1,
          2,
          3,
          4,
          5,
          6,
          7,
          8,
          9,
        },
      },
      Cell {
        "isValid": true,
        "notes": Set {
          1,
          2,
          3,
          4,
          5,
          6,
          7,
          8,
          9,
        },
      },
    ],
    Array [
      Cell {
        "isValid": true,
        "notes": Set {
          2,
          3,
          5,
          6,
          8,
          9,
        },
      },
      Cell {
        "isValid": true,
        "notes": Set {
          1,
          3,
          4,
          6,
          7,
          9,
        },
      },
      Cell {
        "isValid": true,
        "notes": Set {
          1,
          2,
          4,
          5,
          7,
          8,
        },
      },
      Cell {
        "isValid": true,
        "notes": Set {
          2,
          3,
          5,
          6,
          8,
          9,
        },
      },
      Cell {
        "isValid": true,
        "notes": Set {
          1,
          3,
          4,
          6,
          7,
          9,
        },
      },
      Cell {
        "isValid": true,
        "notes": Set {
          1,
          2,
          3,
          4,
          5,
          6,
          7,
          8,
          9,
        },
      },
      Cell {
        "isValid": true,
        "notes": Set {
          1,
          2,
          3,
          4,
          5,
          6,
          7,
          8,
          9,
        },
      },
      Cell {
        "isValid": true,
        "notes": Set {
          1,
          2,
          3,
          4,
          5,
          6,
          7,
          8,
          9,
        },
      },
      Cell {
        "isValid": true,
        "notes": Set {
          1,
          2,
          3,
          4,
          5,
          6,
          7,
          8,
          9,
        },
      },
    ],
    Array [
      Cell {
        "isValid": true,
        "notes": Set {
          2,
          3,
          5,
          6,
          8,
          9,
        },
      },
      Cell {
        "isValid": true,
        "notes": Set {
          1,
          3,
          4,
          6,
          7,
          9,
        },
      },
      Cell {
        "isValid": true,
        "notes": Set {
          1,
          2,
          4,
          5,
          7,
          8,
        },
      },
      Cell {
        "isValid": true,
        "notes": Set {
          2,
          3,
          5,
          6,
          8,
          9,
        },
      },
      Cell {
        "isValid": true,
        "notes": Set {
          1,
          3,
          4,
          6,
          7,
          9,
        },
      },
      Cell {
        "isValid": true,
        "notes": Set {
          1,
          2,
          3,
          4,
          5,
          6,
          7,
          8,
          9,
        },
      },
      Cell {
        "isValid": true,
        "notes": Set {
          1,
          2,
          3,
          4,
          5,
          6,
          7,
          8,
          9,
        },
      },
      Cell {
        "isValid": true,
        "notes": Set {
          1,
          2,
          3,
          4,
          5,
          6,
          7,
          8,
          9,
        },
      },
      Cell {
        "isValid": true,
        "notes": Set {
          1,
          2,
          3,
          4,
          5,
          6,
          7,
          8,
          9,
        },
      },
    ],
  ],
}
`;

exports[`constructs an empty board 1`] = `
Board {
  "values": Array [
    Array [
      Cell {
        "isValid": true,
        "notes": Set {
          1,
          2,
          3,
          4,
          5,
          6,
          7,
          8,
          9,
        },
      },
      Cell {
        "isValid": true,
        "notes": Set {
          1,
          2,
          3,
          4,
          5,
          6,
          7,
          8,
          9,
        },
      },
      Cell {
        "isValid": true,
        "notes": Set {
          1,
          2,
          3,
          4,
          5,
          6,
          7,
          8,
          9,
        },
      },
      Cell {
        "isValid": true,
        "notes": Set {
          1,
          2,
          3,
          4,
          5,
          6,
          7,
          8,
          9,
        },
      },
      Cell {
        "isValid": true,
        "notes": Set {
          1,
          2,
          3,
          4,
          5,
          6,
          7,
          8,
          9,
        },
      },
      Cell {
        "isValid": true,
        "notes": Set {
          1,
          2,
          3,
          4,
          5,
          6,
          7,
          8,
          9,
        },
      },
      Cell {
        "isValid": true,
        "notes": Set {
          1,
          2,
          3,
          4,
          5,
          6,
          7,
          8,
          9,
        },
      },
      Cell {
        "isValid": true,
        "notes": Set {
          1,
          2,
          3,
          4,
          5,
          6,
          7,
          8,
          9,
        },
      },
      Cell {
        "isValid": true,
        "notes": Set {
          1,
          2,
          3,
          4,
          5,
          6,
          7,
          8,
          9,
        },
      },
    ],
    Array [
      Cell {
        "isValid": true,
        "notes": Set {
          1,
          2,
          3,
          4,
          5,
          6,
          7,
          8,
          9,
        },
      },
      Cell {
        "isValid": true,
        "notes": Set {
          1,
          2,
          3,
          4,
          5,
          6,
          7,
          8,
          9,
        },
      },
      Cell {
        "isValid": true,
        "notes": Set {
          1,
          2,
          3,
          4,
          5,
          6,
          7,
          8,
          9,
        },
      },
      Cell {
        "isValid": true,
        "notes": Set {
          1,
          2,
          3,
          4,
          5,
          6,
          7,
          8,
          9,
        },
      },
      Cell {
        "isValid": true,
        "notes": Set {
          1,
          2,
          3,
          4,
          5,
          6,
          7,
          8,
          9,
        },
      },
      Cell {
        "isValid": true,
        "notes": Set {
          1,
          2,
          3,
          4,
          5,
          6,
          7,
          8,
          9,
        },
      },
      Cell {
        "isValid": true,
        "notes": Set {
          1,
          2,
          3,
          4,
          5,
          6,
          7,
          8,
          9,
        },
      },
      Cell {
        "isValid": true,
        "notes": Set {
          1,
          2,
          3,
          4,
          5,
          6,
          7,
          8,
          9,
        },
      },
      Cell {
        "isValid": true,
        "notes": Set {
          1,
          2,
          3,
          4,
          5,
          6,
          7,
          8,
          9,
        },
      },
    ],
    Array [
      Cell {
        "isValid": true,
        "notes": Set {
          1,
          2,
          3,
          4,
          5,
          6,
          7,
          8,
          9,
        },
      },
      Cell {
        "isValid": true,
        "notes": Set {
          1,
          2,
          3,
          4,
          5,
          6,
          7,
          8,
          9,
        },
      },
      Cell {
        "isValid": true,
        "notes": Set {
          1,
          2,
          3,
          4,
          5,
          6,
          7,
          8,
          9,
        },
      },
      Cell {
        "isValid": true,
        "notes": Set {
          1,
          2,
          3,
          4,
          5,
          6,
          7,
          8,
          9,
        },
      },
      Cell {
        "isValid": true,
        "notes": Set {
          1,
          2,
          3,
          4,
          5,
          6,
          7,
          8,
          9,
        },
      },
      Cell {
        "isValid": true,
        "notes": Set {
          1,
          2,
          3,
          4,
          5,
          6,
          7,
          8,
          9,
        },
      },
      Cell {
        "isValid": true,
        "notes": Set {
          1,
          2,
          3,
          4,
          5,
          6,
          7,
          8,
          9,
        },
      },
      Cell {
        "isValid": true,
        "notes": Set {
          1,
          2,
          3,
          4,
          5,
          6,
          7,
          8,
          9,
        },
      },
      Cell {
        "isValid": true,
        "notes": Set {
          1,
          2,
          3,
          4,
          5,
          6,
          7,
          8,
          9,
        },
      },
    ],
    Array [
      Cell {
        "isValid": true,
        "notes": Set {
          1,
          2,
          3,
          4,
          5,
          6,
          7,
          8,
          9,
        },
      },
      Cell {
        "isValid": true,
        "notes": Set {
          1,
          2,
          3,
          4,
          5,
          6,
          7,
          8,
          9,
        },
      },
      Cell {
        "isValid": true,
        "notes": Set {
          1,
          2,
          3,
          4,
          5,
          6,
          7,
          8,
          9,
        },
      },
      Cell {
        "isValid": true,
        "notes": Set {
          1,
          2,
          3,
          4,
          5,
          6,
          7,
          8,
          9,
        },
      },
      Cell {
        "isValid": true,
        "notes": Set {
          1,
          2,
          3,
          4,
          5,
          6,
          7,
          8,
          9,
        },
      },
      Cell {
        "isValid": true,
        "notes": Set {
          1,
          2,
          3,
          4,
          5,
          6,
          7,
          8,
          9,
        },
      },
      Cell {
        "isValid": true,
        "notes": Set {
          1,
          2,
          3,
          4,
          5,
          6,
          7,
          8,
          9,
        },
      },
      Cell {
        "isValid": true,
        "notes": Set {
          1,
          2,
          3,
          4,
          5,
          6,
          7,
          8,
          9,
        },
      },
      Cell {
        "isValid": true,
        "notes": Set {
          1,
          2,
          3,
          4,
          5,
          6,
          7,
          8,
          9,
        },
      },
    ],
    Array [
      Cell {
        "isValid": true,
        "notes": Set {
          1,
          2,
          3,
          4,
          5,
          6,
          7,
          8,
          9,
        },
      },
      Cell {
        "isValid": true,
        "notes": Set {
          1,
          2,
          3,
          4,
          5,
          6,
          7,
          8,
          9,
        },
      },
      Cell {
        "isValid": true,
        "notes": Set {
          1,
          2,
          3,
          4,
          5,
          6,
          7,
          8,
          9,
        },
      },
      Cell {
        "isValid": true,
        "notes": Set {
          1,
          2,
          3,
          4,
          5,
          6,
          7,
          8,
          9,
        },
      },
      Cell {
        "isValid": true,
        "notes": Set {
          1,
          2,
          3,
          4,
          5,
          6,
          7,
          8,
          9,
        },
      },
      Cell {
        "isValid": true,
        "notes": Set {
          1,
          2,
          3,
          4,
          5,
          6,
          7,
          8,
          9,
        },
      },
      Cell {
        "isValid": true,
        "notes": Set {
          1,
          2,
          3,
          4,
          5,
          6,
          7,
          8,
          9,
        },
      },
      Cell {
        "isValid": true,
        "notes": Set {
          1,
          2,
          3,
          4,
          5,
          6,
          7,
          8,
          9,
        },
      },
      Cell {
        "isValid": true,
        "notes": Set {
          1,
          2,
          3,
          4,
          5,
          6,
          7,
          8,
          9,
        },
      },
    ],
    Array [
      Cell {
        "isValid": true,
        "notes": Set {
          1,
          2,
          3,
          4,
          5,
          6,
          7,
          8,
          9,
        },
      },
      Cell {
        "isValid": true,
        "notes": Set {
          1,
          2,
          3,
          4,
          5,
          6,
          7,
          8,
          9,
        },
      },
      Cell {
        "isValid": true,
        "notes": Set {
          1,
          2,
          3,
          4,
          5,
          6,
          7,
          8,
          9,
        },
      },
      Cell {
        "isValid": true,
        "notes": Set {
          1,
          2,
          3,
          4,
          5,
          6,
          7,
          8,
          9,
        },
      },
      Cell {
        "isValid": true,
        "notes": Set {
          1,
          2,
          3,
          4,
          5,
          6,
          7,
          8,
          9,
        },
      },
      Cell {
        "isValid": true,
        "notes": Set {
          1,
          2,
          3,
          4,
          5,
          6,
          7,
          8,
          9,
        },
      },
      Cell {
        "isValid": true,
        "notes": Set {
          1,
          2,
          3,
          4,
          5,
          6,
          7,
          8,
          9,
        },
      },
      Cell {
        "isValid": true,
        "notes": Set {
          1,
          2,
          3,
          4,
          5,
          6,
          7,
          8,
          9,
        },
      },
      Cell {
        "isValid": true,
        "notes": Set {
          1,
          2,
          3,
          4,
          5,
          6,
          7,
          8,
          9,
        },
      },
    ],
    Array [
      Cell {
        "isValid": true,
        "notes": Set {
          1,
          2,
          3,
          4,
          5,
          6,
          7,
          8,
          9,
        },
      },
      Cell {
        "isValid": true,
        "notes": Set {
          1,
          2,
          3,
          4,
          5,
          6,
          7,
          8,
          9,
        },
      },
      Cell {
        "isValid": true,
        "notes": Set {
          1,
          2,
          3,
          4,
          5,
          6,
          7,
          8,
          9,
        },
      },
      Cell {
        "isValid": true,
        "notes": Set {
          1,
          2,
          3,
          4,
          5,
          6,
          7,
          8,
          9,
        },
      },
      Cell {
        "isValid": true,
        "notes": Set {
          1,
          2,
          3,
          4,
          5,
          6,
          7,
          8,
          9,
        },
      },
      Cell {
        "isValid": true,
        "notes": Set {
          1,
          2,
          3,
          4,
          5,
          6,
          7,
          8,
          9,
        },
      },
      Cell {
        "isValid": true,
        "notes": Set {
          1,
          2,
          3,
          4,
          5,
          6,
          7,
          8,
          9,
        },
      },
      Cell {
        "isValid": true,
        "notes": Set {
          1,
          2,
          3,
          4,
          5,
          6,
          7,
          8,
          9,
        },
      },
      Cell {
        "isValid": true,
        "notes": Set {
          1,
          2,
          3,
          4,
          5,
          6,
          7,
          8,
          9,
        },
      },
    ],
    Array [
      Cell {
        "isValid": true,
        "notes": Set {
          1,
          2,
          3,
          4,
          5,
          6,
          7,
          8,
          9,
        },
      },
      Cell {
        "isValid": true,
        "notes": Set {
          1,
          2,
          3,
          4,
          5,
          6,
          7,
          8,
          9,
        },
      },
      Cell {
        "isValid": true,
        "notes": Set {
          1,
          2,
          3,
          4,
          5,
          6,
          7,
          8,
          9,
        },
      },
      Cell {
        "isValid": true,
        "notes": Set {
          1,
          2,
          3,
          4,
          5,
          6,
          7,
          8,
          9,
        },
      },
      Cell {
        "isValid": true,
        "notes": Set {
          1,
          2,
          3,
          4,
          5,
          6,
          7,
          8,
          9,
        },
      },
      Cell {
        "isValid": true,
        "notes": Set {
          1,
          2,
          3,
          4,
          5,
          6,
          7,
          8,
          9,
        },
      },
      Cell {
        "isValid": true,
        "notes": Set {
          1,
          2,
          3,
          4,
          5,
          6,
          7,
          8,
          9,
        },
      },
      Cell {
        "isValid": true,
        "notes": Set {
          1,
          2,
          3,
          4,
          5,
          6,
          7,
          8,
          9,
        },
      },
      Cell {
        "isValid": true,
        "notes": Set {
          1,
          2,
          3,
          4,
          5,
          6,
          7,
          8,
          9,
        },
      },
    ],
    Array [
      Cell {
        "isValid": true,
        "notes": Set {
          1,
          2,
          3,
          4,
          5,
          6,
          7,
          8,
          9,
        },
      },
      Cell {
        "isValid": true,
        "notes": Set {
          1,
          2,
          3,
          4,
          5,
          6,
          7,
          8,
          9,
        },
      },
      Cell {
        "isValid": true,
        "notes": Set {
          1,
          2,
          3,
          4,
          5,
          6,
          7,
          8,
          9,
        },
      },
      Cell {
        "isValid": true,
        "notes": Set {
          1,
          2,
          3,
          4,
          5,
          6,
          7,
          8,
          9,
        },
      },
      Cell {
        "isValid": true,
        "notes": Set {
          1,
          2,
          3,
          4,
          5,
          6,
          7,
          8,
          9,
        },
      },
      Cell {
        "isValid": true,
        "notes": Set {
          1,
          2,
          3,
          4,
          5,
          6,
          7,
          8,
          9,
        },
      },
      Cell {
        "isValid": true,
        "notes": Set {
          1,
          2,
          3,
          4,
          5,
          6,
          7,
          8,
          9,
        },
      },
      Cell {
        "isValid": true,
        "notes": Set {
          1,
          2,
          3,
          4,
          5,
          6,
          7,
          8,
          9,
        },
      },
      Cell {
        "isValid": true,
        "notes": Set {
          1,
          2,
          3,
          4,
          5,
          6,
          7,
          8,
          9,
        },
      },
    ],
  ],
}
`;

exports[`sets values properly 1`] = `
Board {
  "values": Array [
    Array [
      Cell {
        "_value": 1,
        "isValid": true,
        "notes": Set {},
      },
      Cell {
        "isValid": true,
        "notes": Set {
          2,
          3,
          4,
          5,
          6,
          7,
          8,
          9,
        },
      },
      Cell {
        "isValid": true,
        "notes": Set {
          2,
          3,
          4,
          5,
          6,
          7,
          8,
          9,
        },
      },
      Cell {
        "isValid": true,
        "notes": Set {
          2,
          3,
          4,
          5,
          6,
          7,
          8,
          9,
        },
      },
      Cell {
        "isValid": true,
        "notes": Set {
          2,
          3,
          4,
          5,
          6,
          7,
          8,
          9,
        },
      },
      Cell {
        "isValid": true,
        "notes": Set {
          2,
          3,
          4,
          5,
          6,
          7,
          8,
          9,
        },
      },
      Cell {
        "isValid": true,
        "notes": Set {
          2,
          3,
          4,
          5,
          6,
          7,
          8,
          9,
        },
      },
      Cell {
        "isValid": true,
        "notes": Set {
          2,
          3,
          4,
          5,
          6,
          7,
          8,
          9,
        },
      },
      Cell {
        "isValid": true,
        "notes": Set {
          2,
          3,
          4,
          5,
          6,
          7,
          8,
          9,
        },
      },
    ],
    Array [
      Cell {
        "isValid": true,
        "notes": Set {
          2,
          3,
          4,
          5,
          6,
          7,
          8,
          9,
        },
      },
      Cell {
        "isValid": true,
        "notes": Set {
          2,
          3,
          4,
          5,
          6,
          7,
          8,
          9,
        },
      },
      Cell {
        "isValid": true,
        "notes": Set {
          2,
          3,
          4,
          5,
          6,
          7,
          8,
          9,
        },
      },
      Cell {
        "isValid": true,
        "notes": Set {
          1,
          2,
          3,
          4,
          5,
          6,
          7,
          8,
          9,
        },
      },
      Cell {
        "isValid": true,
        "notes": Set {
          1,
          2,
          3,
          4,
          5,
          6,
          7,
          8,
          9,
        },
      },
      Cell {
        "isValid": true,
        "notes": Set {
          1,
          2,
          3,
          4,
          5,
          6,
          7,
          8,
          9,
        },
      },
      Cell {
        "isValid": true,
        "notes": Set {
          1,
          2,
          3,
          4,
          5,
          6,
          7,
          8,
          9,
        },
      },
      Cell {
        "isValid": true,
        "notes": Set {
          1,
          2,
          3,
          4,
          5,
          6,
          7,
          8,
          9,
        },
      },
      Cell {
        "isValid": true,
        "notes": Set {
          1,
          2,
          3,
          4,
          5,
          6,
          7,
          8,
          9,
        },
      },
    ],
    Array [
      Cell {
        "isValid": true,
        "notes": Set {
          2,
          3,
          4,
          5,
          6,
          7,
          8,
          9,
        },
      },
      Cell {
        "isValid": true,
        "notes": Set {
          2,
          3,
          4,
          5,
          6,
          7,
          8,
          9,
        },
      },
      Cell {
        "isValid": true,
        "notes": Set {
          2,
          3,
          4,
          5,
          6,
          7,
          8,
          9,
        },
      },
      Cell {
        "isValid": true,
        "notes": Set {
          1,
          2,
          3,
          4,
          5,
          6,
          7,
          8,
          9,
        },
      },
      Cell {
        "isValid": true,
        "notes": Set {
          1,
          2,
          3,
          4,
          5,
          6,
          7,
          8,
          9,
        },
      },
      Cell {
        "isValid": true,
        "notes": Set {
          1,
          2,
          3,
          4,
          5,
          6,
          7,
          8,
          9,
        },
      },
      Cell {
        "isValid": true,
        "notes": Set {
          1,
          2,
          3,
          4,
          5,
          6,
          7,
          8,
          9,
        },
      },
      Cell {
        "isValid": true,
        "notes": Set {
          1,
          2,
          3,
          4,
          5,
          6,
          7,
          8,
          9,
        },
      },
      Cell {
        "isValid": true,
        "notes": Set {
          1,
          2,
          3,
          4,
          5,
          6,
          7,
          8,
          9,
        },
      },
    ],
    Array [
      Cell {
        "isValid": true,
        "notes": Set {
          2,
          3,
          4,
          5,
          6,
          7,
          8,
          9,
        },
      },
      Cell {
        "isValid": true,
        "notes": Set {
          1,
          2,
          3,
          4,
          5,
          6,
          7,
          8,
          9,
        },
      },
      Cell {
        "isValid": true,
        "notes": Set {
          1,
          2,
          3,
          4,
          5,
          6,
          7,
          8,
          9,
        },
      },
      Cell {
        "isValid": true,
        "notes": Set {
          1,
          2,
          3,
          4,
          5,
          6,
          7,
          8,
          9,
        },
      },
      Cell {
        "isValid": true,
        "notes": Set {
          1,
          2,
          3,
          4,
          5,
          6,
          7,
          8,
          9,
        },
      },
      Cell {
        "isValid": true,
        "notes": Set {
          1,
          2,
          3,
          4,
          5,
          6,
          7,
          8,
          9,
        },
      },
      Cell {
        "isValid": true,
        "notes": Set {
          1,
          2,
          3,
          4,
          5,
          6,
          7,
          8,
          9,
        },
      },
      Cell {
        "isValid": true,
        "notes": Set {
          1,
          2,
          3,
          4,
          5,
          6,
          7,
          8,
          9,
        },
      },
      Cell {
        "isValid": true,
        "notes": Set {
          1,
          2,
          3,
          4,
          5,
          6,
          7,
          8,
          9,
        },
      },
    ],
    Array [
      Cell {
        "isValid": true,
        "notes": Set {
          2,
          3,
          4,
          5,
          6,
          7,
          8,
          9,
        },
      },
      Cell {
        "isValid": true,
        "notes": Set {
          1,
          2,
          3,
          4,
          5,
          6,
          7,
          8,
          9,
        },
      },
      Cell {
        "isValid": true,
        "notes": Set {
          1,
          2,
          3,
          4,
          5,
          6,
          7,
          8,
          9,
        },
      },
      Cell {
        "isValid": true,
        "notes": Set {
          1,
          2,
          3,
          4,
          5,
          6,
          7,
          8,
          9,
        },
      },
      Cell {
        "isValid": true,
        "notes": Set {
          1,
          2,
          3,
          4,
          5,
          6,
          7,
          8,
          9,
        },
      },
      Cell {
        "isValid": true,
        "notes": Set {
          1,
          2,
          3,
          4,
          5,
          6,
          7,
          8,
          9,
        },
      },
      Cell {
        "isValid": true,
        "notes": Set {
          1,
          2,
          3,
          4,
          5,
          6,
          7,
          8,
          9,
        },
      },
      Cell {
        "isValid": true,
        "notes": Set {
          1,
          2,
          3,
          4,
          5,
          6,
          7,
          8,
          9,
        },
      },
      Cell {
        "isValid": true,
        "notes": Set {
          1,
          2,
          3,
          4,
          5,
          6,
          7,
          8,
          9,
        },
      },
    ],
    Array [
      Cell {
        "isValid": true,
        "notes": Set {
          2,
          3,
          4,
          5,
          6,
          7,
          8,
          9,
        },
      },
      Cell {
        "isValid": true,
        "notes": Set {
          1,
          2,
          3,
          4,
          5,
          6,
          7,
          8,
          9,
        },
      },
      Cell {
        "isValid": true,
        "notes": Set {
          1,
          2,
          3,
          4,
          5,
          6,
          7,
          8,
          9,
        },
      },
      Cell {
        "isValid": true,
        "notes": Set {
          1,
          2,
          3,
          4,
          5,
          6,
          7,
          8,
          9,
        },
      },
      Cell {
        "isValid": true,
        "notes": Set {
          1,
          2,
          3,
          4,
          5,
          6,
          7,
          8,
          9,
        },
      },
      Cell {
        "isValid": true,
        "notes": Set {
          1,
          2,
          3,
          4,
          5,
          6,
          7,
          8,
          9,
        },
      },
      Cell {
        "isValid": true,
        "notes": Set {
          1,
          2,
          3,
          4,
          5,
          6,
          7,
          8,
          9,
        },
      },
      Cell {
        "isValid": true,
        "notes": Set {
          1,
          2,
          3,
          4,
          5,
          6,
          7,
          8,
          9,
        },
      },
      Cell {
        "isValid": true,
        "notes": Set {
          1,
          2,
          3,
          4,
          5,
          6,
          7,
          8,
          9,
        },
      },
    ],
    Array [
      Cell {
        "isValid": true,
        "notes": Set {
          2,
          3,
          4,
          5,
          6,
          7,
          8,
          9,
        },
      },
      Cell {
        "isValid": true,
        "notes": Set {
          1,
          2,
          3,
          4,
          5,
          6,
          7,
          8,
          9,
        },
      },
      Cell {
        "isValid": true,
        "notes": Set {
          1,
          2,
          3,
          4,
          5,
          6,
          7,
          8,
          9,
        },
      },
      Cell {
        "isValid": true,
        "notes": Set {
          1,
          2,
          3,
          4,
          5,
          6,
          7,
          8,
          9,
        },
      },
      Cell {
        "isValid": true,
        "notes": Set {
          1,
          2,
          3,
          4,
          5,
          6,
          7,
          8,
          9,
        },
      },
      Cell {
        "isValid": true,
        "notes": Set {
          1,
          2,
          3,
          4,
          5,
          6,
          7,
          8,
          9,
        },
      },
      Cell {
        "isValid": true,
        "notes": Set {
          1,
          2,
          3,
          4,
          5,
          6,
          7,
          8,
          9,
        },
      },
      Cell {
        "isValid": true,
        "notes": Set {
          1,
          2,
          3,
          4,
          5,
          6,
          7,
          8,
          9,
        },
      },
      Cell {
        "isValid": true,
        "notes": Set {
          1,
          2,
          3,
          4,
          5,
          6,
          7,
          8,
          9,
        },
      },
    ],
    Array [
      Cell {
        "isValid": true,
        "notes": Set {
          2,
          3,
          4,
          5,
          6,
          7,
          8,
          9,
        },
      },
      Cell {
        "isValid": true,
        "notes": Set {
          1,
          2,
          3,
          4,
          5,
          6,
          7,
          8,
          9,
        },
      },
      Cell {
        "isValid": true,
        "notes": Set {
          1,
          2,
          3,
          4,
          5,
          6,
          7,
          8,
          9,
        },
      },
      Cell {
        "isValid": true,
        "notes": Set {
          1,
          2,
          3,
          4,
          5,
          6,
          7,
          8,
          9,
        },
      },
      Cell {
        "isValid": true,
        "notes": Set {
          1,
          2,
          3,
          4,
          5,
          6,
          7,
          8,
          9,
        },
      },
      Cell {
        "isValid": true,
        "notes": Set {
          1,
          2,
          3,
          4,
          5,
          6,
          7,
          8,
          9,
        },
      },
      Cell {
        "isValid": true,
        "notes": Set {
          1,
          2,
          3,
          4,
          5,
          6,
          7,
          8,
          9,
        },
      },
      Cell {
        "isValid": true,
        "notes": Set {
          1,
          2,
          3,
          4,
          5,
          6,
          7,
          8,
          9,
        },
      },
      Cell {
        "isValid": true,
        "notes": Set {
          1,
          2,
          3,
          4,
          5,
          6,
          7,
          8,
          9,
        },
      },
    ],
    Array [
      Cell {
        "isValid": true,
        "notes": Set {
          2,
          3,
          4,
          5,
          6,
          7,
          8,
          9,
        },
      },
      Cell {
        "isValid": true,
        "notes": Set {
          1,
          2,
          3,
          4,
          5,
          6,
          7,
          8,
          9,
        },
      },
      Cell {
        "isValid": true,
        "notes": Set {
          1,
          2,
          3,
          4,
          5,
          6,
          7,
          8,
          9,
        },
      },
      Cell {
        "isValid": true,
        "notes": Set {
          1,
          2,
          3,
          4,
          5,
          6,
          7,
          8,
          9,
        },
      },
      Cell {
        "isValid": true,
        "notes": Set {
          1,
          2,
          3,
          4,
          5,
          6,
          7,
          8,
          9,
        },
      },
      Cell {
        "isValid": true,
        "notes": Set {
          1,
          2,
          3,
          4,
          5,
          6,
          7,
          8,
          9,
        },
      },
      Cell {
        "isValid": true,
        "notes": Set {
          1,
          2,
          3,
          4,
          5,
          6,
          7,
          8,
          9,
        },
      },
      Cell {
        "isValid": true,
        "notes": Set {
          1,
          2,
          3,
          4,
          5,
          6,
          7,
          8,
          9,
        },
      },
      Cell {
        "isValid": true,
        "notes": Set {
          1,
          2,
          3,
          4,
          5,
          6,
          7,
          8,
          9,
        },
      },
    ],
  ],
}
`;
